INFO: Application started successfully
WARNING: Configuration value is deprecated.
ERROR: Failed to connect to database.